// Jest Snapshot v1, https://goo.gl/fbAQLP

exports[`should render expenselistitem correctly 1`] = `
<div>
  <Link
    className="list-item"
    to="/edit/1"
  >
    <div>
      <h3
        className="list-item-title"
      >
        gum
      </h3>
      <span
        className="list-item-subtitle"
      >
        December 31st, 1969
         
      </span>
    </div>
    <h3
      className="list-item-amount"
    >
      $1.95
       
    </h3>
  </Link>
</div>
`;
